SUCCESS: file:///home/carlo/opt/ghc-7.6.3_build/share/doc/ghc/html/libraries/base-4.6.0.1/Data-Maybe.html
SUCCESS: file:///home/carlo/opt/ghc-7.6.3_build/share/doc/ghc/html/libraries/base-4.6.0.1/Data-Maybe.html
SUCCESS: file:///home/carlo/opt/ghc-7.6.3_build/share/doc/ghc/html/libraries/base-4.6.0.1/Data-Maybe.html
SUCCESS: file:///home/carlo/opt/ghc-7.6.3_build/share/doc/ghc/html/libraries/base-4.6.0.1/Prelude.html
SUCCESS: file:///home/carlo/opt/ghc-7.6.3_build/share/doc/ghc/html/libraries/base-4.6.0.1/Prelude.html
SUCCESS: file:///home/carlo/opt/ghc-7.6.3_build/share/doc/ghc/html/libraries/base-4.6.0.1/Data-List.html
SUCCESS: file:///home/carlo/opt/ghc-7.6.3_build/share/doc/ghc/html/libraries/base-4.6.0.1/Prelude.html
SUCCESS: file:///home/carlo/opt/ghc-7.6.3_build/share/doc/ghc/html/libraries/containers-0.5.0.0/Data-Map.html
SUCCESS: file:///home/carlo/work/github/ghc-imported-from/.cabal-sandbox/share/doc/x86_64-linux-ghc-7.6.3/safe-0.3.3/html/Safe.html
SUCCESS: file:///home/carlo/opt/ghc-7.6.3_build/share/doc/ghc/html/libraries/base-4.6.0.1/Prelude.html
SUCCESS: file:///home/carlo/opt/ghc-7.6.3_build/share/doc/ghc/html/libraries/base-4.6.0.1/Data-List.html
SUCCESS: file:///home/carlo/opt/ghc-7.6.3_build/share/doc/ghc/html/libraries/base-4.6.0.1/Control-Monad.html
